exports["lib/commands/transform produces triples"] = "<https://environment.ld.admin.ch/foen/ubd/28/so2/observation/blBAS-1984-annualmean> <https://environment.ld.admin.ch/foen/ubd/28/aggregation> <https://environment.ld.admin.ch/foen/ubd/28/aggregation/annualmean> .\n<https://environment.ld.admin.ch/foen/ubd/28/so2/observation/blBAS-1984-annualmean> <https://environment.ld.admin.ch/foen/ubd/28/dimension/value> \"31.9\"^^<http://www.w3.org/2001/XMLSchema#float> .\n<https://environment.ld.admin.ch/foen/ubd/28/so2/observation/blBAS-1984-annualmean> <https://environment.ld.admin.ch/foen/ubd/28/dimension/year> \"1984\"^^<http://www.w3.org/2001/XMLSchema#gYear> .\n<https://environment.ld.admin.ch/foen/ubd/28/so2/observation/blBAS-1984-annualmean> <https://environment.ld.admin.ch/foen/ubd/28/station> <https://environment.ld.admin.ch/foen/ubd/28/station/blBAS> .\n<https://environment.ld.admin.ch/foen/ubd/28/so2/observation/blBAS-1984-annualmean> <https://environment.ld.admin.ch/foen/ubd/28/unit-id> \"µg/m3\" .\n<https://environment.ld.admin.ch/foen/ubd/28/so2/observation/blBAS-1985-annualmean> <https://environment.ld.admin.ch/foen/ubd/28/aggregation> <https://environment.ld.admin.ch/foen/ubd/28/aggregation/annualmean> .\n<https://environment.ld.admin.ch/foen/ubd/28/so2/observation/blBAS-1985-annualmean> <https://environment.ld.admin.ch/foen/ubd/28/dimension/value> \"40.2\"^^<http://www.w3.org/2001/XMLSchema#float> .\n<https://environment.ld.admin.ch/foen/ubd/28/so2/observation/blBAS-1985-annualmean> <https://environment.ld.admin.ch/foen/ubd/28/dimension/year> \"1985\"^^<http://www.w3.org/2001/XMLSchema#gYear> .\n<https://environment.ld.admin.ch/foen/ubd/28/so2/observation/blBAS-1985-annualmean> <https://environment.ld.admin.ch/foen/ubd/28/station> <https://environment.ld.admin.ch/foen/ubd/28/station/blBAS> .\n<https://environment.ld.admin.ch/foen/ubd/28/so2/observation/blBAS-1985-annualmean> <https://environment.ld.admin.ch/foen/ubd/28/unit-id> \"µg/m3\" .\n<https://environment.ld.admin.ch/foen/ubd/28/so2/observation/blBAS-1986-annualmean> <https://environment.ld.admin.ch/foen/ubd/28/aggregation> <https://environment.ld.admin.ch/foen/ubd/28/aggregation/annualmean> .\n<https://environment.ld.admin.ch/foen/ubd/28/so2/observation/blBAS-1986-annualmean> <https://environment.ld.admin.ch/foen/ubd/28/dimension/value> \"33.6\"^^<http://www.w3.org/2001/XMLSchema#float> .\n<https://environment.ld.admin.ch/foen/ubd/28/so2/observation/blBAS-1986-annualmean> <https://environment.ld.admin.ch/foen/ubd/28/dimension/year> \"1986\"^^<http://www.w3.org/2001/XMLSchema#gYear> .\n<https://environment.ld.admin.ch/foen/ubd/28/so2/observation/blBAS-1986-annualmean> <https://environment.ld.admin.ch/foen/ubd/28/station> <https://environment.ld.admin.ch/foen/ubd/28/station/blBAS> .\n<https://environment.ld.admin.ch/foen/ubd/28/so2/observation/blBAS-1986-annualmean> <https://environment.ld.admin.ch/foen/ubd/28/unit-id> \"µg/m3\" .\n<https://environment.ld.admin.ch/foen/ubd/28/so2/observation/blBAS-1987-annualmean> <https://environment.ld.admin.ch/foen/ubd/28/aggregation> <https://environment.ld.admin.ch/foen/ubd/28/aggregation/annualmean> .\n<https://environment.ld.admin.ch/foen/ubd/28/so2/observation/blBAS-1987-annualmean> <https://environment.ld.admin.ch/foen/ubd/28/dimension/value> \"33\"^^<http://www.w3.org/2001/XMLSchema#float> .\n<https://environment.ld.admin.ch/foen/ubd/28/so2/observation/blBAS-1987-annualmean> <https://environment.ld.admin.ch/foen/ubd/28/dimension/year> \"1987\"^^<http://www.w3.org/2001/XMLSchema#gYear> .\n<https://environment.ld.admin.ch/foen/ubd/28/so2/observation/blBAS-1987-annualmean> <https://environment.ld.admin.ch/foen/ubd/28/station> <https://environment.ld.admin.ch/foen/ubd/28/station/blBAS> .\n<https://environment.ld.admin.ch/foen/ubd/28/so2/observation/blBAS-1987-annualmean> <https://environment.ld.admin.ch/foen/ubd/28/unit-id> \"µg/m3\" .\n<https://environment.ld.admin.ch/foen/ubd/28/so2/observation/blBAS-1988-annualmean> <https://environment.ld.admin.ch/foen/ubd/28/aggregation> <https://environment.ld.admin.ch/foen/ubd/28/aggregation/annualmean> .\n<https://environment.ld.admin.ch/foen/ubd/28/so2/observation/blBAS-1988-annualmean> <https://environment.ld.admin.ch/foen/ubd/28/dimension/value> \"17.4\"^^<http://www.w3.org/2001/XMLSchema#float> .\n<https://environment.ld.admin.ch/foen/ubd/28/so2/observation/blBAS-1988-annualmean> <https://environment.ld.admin.ch/foen/ubd/28/dimension/year> \"1988\"^^<http://www.w3.org/2001/XMLSchema#gYear> .\n<https://environment.ld.admin.ch/foen/ubd/28/so2/observation/blBAS-1988-annualmean> <https://environment.ld.admin.ch/foen/ubd/28/station> <https://environment.ld.admin.ch/foen/ubd/28/station/blBAS> .\n<https://environment.ld.admin.ch/foen/ubd/28/so2/observation/blBAS-1988-annualmean> <https://environment.ld.admin.ch/foen/ubd/28/unit-id> \"µg/m3\" .\n<https://environment.ld.admin.ch/foen/ubd/28/so2/observation/blBAS-1989-annualmean> <https://environment.ld.admin.ch/foen/ubd/28/aggregation> <https://environment.ld.admin.ch/foen/ubd/28/aggregation/annualmean> .\n<https://environment.ld.admin.ch/foen/ubd/28/so2/observation/blBAS-1989-annualmean> <https://environment.ld.admin.ch/foen/ubd/28/dimension/value> \"18.5\"^^<http://www.w3.org/2001/XMLSchema#float> .\n<https://environment.ld.admin.ch/foen/ubd/28/so2/observation/blBAS-1989-annualmean> <https://environment.ld.admin.ch/foen/ubd/28/dimension/year> \"1989\"^^<http://www.w3.org/2001/XMLSchema#gYear> .\n<https://environment.ld.admin.ch/foen/ubd/28/so2/observation/blBAS-1989-annualmean> <https://environment.ld.admin.ch/foen/ubd/28/station> <https://environment.ld.admin.ch/foen/ubd/28/station/blBAS> .\n<https://environment.ld.admin.ch/foen/ubd/28/so2/observation/blBAS-1989-annualmean> <https://environment.ld.admin.ch/foen/ubd/28/unit-id> \"µg/m3\" .\n<https://environment.ld.admin.ch/foen/ubd/28/so2/observation/blBAS-1990-annualmean> <https://environment.ld.admin.ch/foen/ubd/28/aggregation> <https://environment.ld.admin.ch/foen/ubd/28/aggregation/annualmean> .\n<https://environment.ld.admin.ch/foen/ubd/28/so2/observation/blBAS-1990-annualmean> <https://environment.ld.admin.ch/foen/ubd/28/dimension/value> \"14.1\"^^<http://www.w3.org/2001/XMLSchema#float> .\n<https://environment.ld.admin.ch/foen/ubd/28/so2/observation/blBAS-1990-annualmean> <https://environment.ld.admin.ch/foen/ubd/28/dimension/year> \"1990\"^^<http://www.w3.org/2001/XMLSchema#gYear> .\n<https://environment.ld.admin.ch/foen/ubd/28/so2/observation/blBAS-1990-annualmean> <https://environment.ld.admin.ch/foen/ubd/28/station> <https://environment.ld.admin.ch/foen/ubd/28/station/blBAS> .\n<https://environment.ld.admin.ch/foen/ubd/28/so2/observation/blBAS-1990-annualmean> <https://environment.ld.admin.ch/foen/ubd/28/unit-id> \"µg/m3\" .\n<https://environment.ld.admin.ch/foen/ubd/28/so2/observation/blBAS-1991-annualmean> <https://environment.ld.admin.ch/foen/ubd/28/aggregation> <https://environment.ld.admin.ch/foen/ubd/28/aggregation/annualmean> .\n<https://environment.ld.admin.ch/foen/ubd/28/so2/observation/blBAS-1991-annualmean> <https://environment.ld.admin.ch/foen/ubd/28/dimension/value> \"13.6\"^^<http://www.w3.org/2001/XMLSchema#float> .\n<https://environment.ld.admin.ch/foen/ubd/28/so2/observation/blBAS-1991-annualmean> <https://environment.ld.admin.ch/foen/ubd/28/dimension/year> \"1991\"^^<http://www.w3.org/2001/XMLSchema#gYear> .\n<https://environment.ld.admin.ch/foen/ubd/28/so2/observation/blBAS-1991-annualmean> <https://environment.ld.admin.ch/foen/ubd/28/station> <https://environment.ld.admin.ch/foen/ubd/28/station/blBAS> .\n<https://environment.ld.admin.ch/foen/ubd/28/so2/observation/blBAS-1991-annualmean> <https://environment.ld.admin.ch/foen/ubd/28/unit-id> \"µg/m3\" .\n<https://environment.ld.admin.ch/foen/ubd/28/so2/observation/blBAS-1992-annualmean> <https://environment.ld.admin.ch/foen/ubd/28/aggregation> <https://environment.ld.admin.ch/foen/ubd/28/aggregation/annualmean> .\n<https://environment.ld.admin.ch/foen/ubd/28/so2/observation/blBAS-1992-annualmean> <https://environment.ld.admin.ch/foen/ubd/28/dimension/value> \"11\"^^<http://www.w3.org/2001/XMLSchema#float> .\n<https://environment.ld.admin.ch/foen/ubd/28/so2/observation/blBAS-1992-annualmean> <https://environment.ld.admin.ch/foen/ubd/28/dimension/year> \"1992\"^^<http://www.w3.org/2001/XMLSchema#gYear> .\n<https://environment.ld.admin.ch/foen/ubd/28/so2/observation/blBAS-1992-annualmean> <https://environment.ld.admin.ch/foen/ubd/28/station> <https://environment.ld.admin.ch/foen/ubd/28/station/blBAS> .\n<https://environment.ld.admin.ch/foen/ubd/28/so2/observation/blBAS-1992-annualmean> <https://environment.ld.admin.ch/foen/ubd/28/unit-id> \"µg/m3\" .\n<https://environment.ld.admin.ch/foen/ubd/28/so2/observation/blBAS-1993-annualmean> <https://environment.ld.admin.ch/foen/ubd/28/aggregation> <https://environment.ld.admin.ch/foen/ubd/28/aggregation/annualmean> .\n<https://environment.ld.admin.ch/foen/ubd/28/so2/observation/blBAS-1993-annualmean> <https://environment.ld.admin.ch/foen/ubd/28/dimension/value> \"9.2\"^^<http://www.w3.org/2001/XMLSchema#float> .\n<https://environment.ld.admin.ch/foen/ubd/28/so2/observation/blBAS-1993-annualmean> <https://environment.ld.admin.ch/foen/ubd/28/dimension/year> \"1993\"^^<http://www.w3.org/2001/XMLSchema#gYear> .\n<https://environment.ld.admin.ch/foen/ubd/28/so2/observation/blBAS-1993-annualmean> <https://environment.ld.admin.ch/foen/ubd/28/station> <https://environment.ld.admin.ch/foen/ubd/28/station/blBAS> .\n<https://environment.ld.admin.ch/foen/ubd/28/so2/observation/blBAS-1993-annualmean> <https://environment.ld.admin.ch/foen/ubd/28/unit-id> \"µg/m3\" .\n<https://environment.ld.admin.ch/foen/ubd/28/so2/observation/blBAS-1994-annualmean> <https://environment.ld.admin.ch/foen/ubd/28/aggregation> <https://environment.ld.admin.ch/foen/ubd/28/aggregation/annualmean> .\n<https://environment.ld.admin.ch/foen/ubd/28/so2/observation/blBAS-1994-annualmean> <https://environment.ld.admin.ch/foen/ubd/28/dimension/value> \"6.7\"^^<http://www.w3.org/2001/XMLSchema#float> .\n<https://environment.ld.admin.ch/foen/ubd/28/so2/observation/blBAS-1994-annualmean> <https://environment.ld.admin.ch/foen/ubd/28/dimension/year> \"1994\"^^<http://www.w3.org/2001/XMLSchema#gYear> .\n<https://environment.ld.admin.ch/foen/ubd/28/so2/observation/blBAS-1994-annualmean> <https://environment.ld.admin.ch/foen/ubd/28/station> <https://environment.ld.admin.ch/foen/ubd/28/station/blBAS> .\n<https://environment.ld.admin.ch/foen/ubd/28/so2/observation/blBAS-1994-annualmean> <https://environment.ld.admin.ch/foen/ubd/28/unit-id> \"µg/m3\" .\n<https://environment.ld.admin.ch/foen/ubd/28/so2/observation/blBAS-1995-annualmean> <https://environment.ld.admin.ch/foen/ubd/28/aggregation> <https://environment.ld.admin.ch/foen/ubd/28/aggregation/annualmean> .\n<https://environment.ld.admin.ch/foen/ubd/28/so2/observation/blBAS-1995-annualmean> <https://environment.ld.admin.ch/foen/ubd/28/dimension/value> \"7.2\"^^<http://www.w3.org/2001/XMLSchema#float> .\n<https://environment.ld.admin.ch/foen/ubd/28/so2/observation/blBAS-1995-annualmean> <https://environment.ld.admin.ch/foen/ubd/28/dimension/year> \"1995\"^^<http://www.w3.org/2001/XMLSchema#gYear> .\n<https://environment.ld.admin.ch/foen/ubd/28/so2/observation/blBAS-1995-annualmean> <https://environment.ld.admin.ch/foen/ubd/28/station> <https://environment.ld.admin.ch/foen/ubd/28/station/blBAS> .\n<https://environment.ld.admin.ch/foen/ubd/28/so2/observation/blBAS-1995-annualmean> <https://environment.ld.admin.ch/foen/ubd/28/unit-id> \"µg/m3\" .\n<https://environment.ld.admin.ch/foen/ubd/28/so2/observation/blBAS-1996-annualmean> <https://environment.ld.admin.ch/foen/ubd/28/aggregation> <https://environment.ld.admin.ch/foen/ubd/28/aggregation/annualmean> .\n<https://environment.ld.admin.ch/foen/ubd/28/so2/observation/blBAS-1996-annualmean> <https://environment.ld.admin.ch/foen/ubd/28/dimension/value> \"7.2\"^^<http://www.w3.org/2001/XMLSchema#float> .\n<https://environment.ld.admin.ch/foen/ubd/28/so2/observation/blBAS-1996-annualmean> <https://environment.ld.admin.ch/foen/ubd/28/dimension/year> \"1996\"^^<http://www.w3.org/2001/XMLSchema#gYear> .\n<https://environment.ld.admin.ch/foen/ubd/28/so2/observation/blBAS-1996-annualmean> <https://environment.ld.admin.ch/foen/ubd/28/station> <https://environment.ld.admin.ch/foen/ubd/28/station/blBAS> .\n<https://environment.ld.admin.ch/foen/ubd/28/so2/observation/blBAS-1996-annualmean> <https://environment.ld.admin.ch/foen/ubd/28/unit-id> \"µg/m3\" .\n<https://environment.ld.admin.ch/foen/ubd/28/so2/observation/blBAS-1997-annualmean> <https://environment.ld.admin.ch/foen/ubd/28/aggregation> <https://environment.ld.admin.ch/foen/ubd/28/aggregation/annualmean> .\n<https://environment.ld.admin.ch/foen/ubd/28/so2/observation/blBAS-1997-annualmean> <https://environment.ld.admin.ch/foen/ubd/28/dimension/value> \"7.3\"^^<http://www.w3.org/2001/XMLSchema#float> .\n<https://environment.ld.admin.ch/foen/ubd/28/so2/observation/blBAS-1997-annualmean> <https://environment.ld.admin.ch/foen/ubd/28/dimension/year> \"1997\"^^<http://www.w3.org/2001/XMLSchema#gYear> .\n<https://environment.ld.admin.ch/foen/ubd/28/so2/observation/blBAS-1997-annualmean> <https://environment.ld.admin.ch/foen/ubd/28/station> <https://environment.ld.admin.ch/foen/ubd/28/station/blBAS> .\n<https://environment.ld.admin.ch/foen/ubd/28/so2/observation/blBAS-1997-annualmean> <https://environment.ld.admin.ch/foen/ubd/28/unit-id> \"µg/m3\" .\n<https://environment.ld.admin.ch/foen/ubd/28/so2/observation/blBAS-1998-annualmean> <https://environment.ld.admin.ch/foen/ubd/28/aggregation> <https://environment.ld.admin.ch/foen/ubd/28/aggregation/annualmean> .\n<https://environment.ld.admin.ch/foen/ubd/28/so2/observation/blBAS-1998-annualmean> <https://environment.ld.admin.ch/foen/ubd/28/dimension/value> \"7.1\"^^<http://www.w3.org/2001/XMLSchema#float> .\n<https://environment.ld.admin.ch/foen/ubd/28/so2/observation/blBAS-1998-annualmean> <https://environment.ld.admin.ch/foen/ubd/28/dimension/year> \"1998\"^^<http://www.w3.org/2001/XMLSchema#gYear> .\n<https://environment.ld.admin.ch/foen/ubd/28/so2/observation/blBAS-1998-annualmean> <https://environment.ld.admin.ch/foen/ubd/28/station> <https://environment.ld.admin.ch/foen/ubd/28/station/blBAS> .\n<https://environment.ld.admin.ch/foen/ubd/28/so2/observation/blBAS-1998-annualmean> <https://environment.ld.admin.ch/foen/ubd/28/unit-id> \"µg/m3\" .\n<https://environment.ld.admin.ch/foen/ubd/28/so2/observation/blBAS-1999-annualmean> <https://environment.ld.admin.ch/foen/ubd/28/aggregation> <https://environment.ld.admin.ch/foen/ubd/28/aggregation/annualmean> .\n<https://environment.ld.admin.ch/foen/ubd/28/so2/observation/blBAS-1999-annualmean> <https://environment.ld.admin.ch/foen/ubd/28/dimension/value> \"5.4\"^^<http://www.w3.org/2001/XMLSchema#float> .\n<https://environment.ld.admin.ch/foen/ubd/28/so2/observation/blBAS-1999-annualmean> <https://environment.ld.admin.ch/foen/ubd/28/dimension/year> \"1999\"^^<http://www.w3.org/2001/XMLSchema#gYear> .\n<https://environment.ld.admin.ch/foen/ubd/28/so2/observation/blBAS-1999-annualmean> <https://environment.ld.admin.ch/foen/ubd/28/station> <https://environment.ld.admin.ch/foen/ubd/28/station/blBAS> .\n<https://environment.ld.admin.ch/foen/ubd/28/so2/observation/blBAS-1999-annualmean> <https://environment.ld.admin.ch/foen/ubd/28/unit-id> \"µg/m3\" .\n<https://environment.ld.admin.ch/foen/ubd/28/so2/observation/blBAS-2000-annualmean> <https://environment.ld.admin.ch/foen/ubd/28/aggregation> <https://environment.ld.admin.ch/foen/ubd/28/aggregation/annualmean> .\n<https://environment.ld.admin.ch/foen/ubd/28/so2/observation/blBAS-2000-annualmean> <https://environment.ld.admin.ch/foen/ubd/28/dimension/value> \"4.7\"^^<http://www.w3.org/2001/XMLSchema#float> .\n<https://environment.ld.admin.ch/foen/ubd/28/so2/observation/blBAS-2000-annualmean> <https://environment.ld.admin.ch/foen/ubd/28/dimension/year> \"2000\"^^<http://www.w3.org/2001/XMLSchema#gYear> .\n<https://environment.ld.admin.ch/foen/ubd/28/so2/observation/blBAS-2000-annualmean> <https://environment.ld.admin.ch/foen/ubd/28/station> <https://environment.ld.admin.ch/foen/ubd/28/station/blBAS> .\n<https://environment.ld.admin.ch/foen/ubd/28/so2/observation/blBAS-2000-annualmean> <https://environment.ld.admin.ch/foen/ubd/28/unit-id> \"µg/m3\" .\n<https://environment.ld.admin.ch/foen/ubd/28/so2/observation/blBAS-2001-annualmean> <https://environment.ld.admin.ch/foen/ubd/28/aggregation> <https://environment.ld.admin.ch/foen/ubd/28/aggregation/annualmean> .\n<https://environment.ld.admin.ch/foen/ubd/28/so2/observation/blBAS-2001-annualmean> <https://environment.ld.admin.ch/foen/ubd/28/dimension/value> \"4.4\"^^<http://www.w3.org/2001/XMLSchema#float> .\n<https://environment.ld.admin.ch/foen/ubd/28/so2/observation/blBAS-2001-annualmean> <https://environment.ld.admin.ch/foen/ubd/28/dimension/year> \"2001\"^^<http://www.w3.org/2001/XMLSchema#gYear> .\n<https://environment.ld.admin.ch/foen/ubd/28/so2/observation/blBAS-2001-annualmean> <https://environment.ld.admin.ch/foen/ubd/28/station> <https://environment.ld.admin.ch/foen/ubd/28/station/blBAS> .\n<https://environment.ld.admin.ch/foen/ubd/28/so2/observation/blBAS-2001-annualmean> <https://environment.ld.admin.ch/foen/ubd/28/unit-id> \"µg/m3\" .\n<https://environment.ld.admin.ch/foen/ubd/28/so2/observation/blBAS-2002-annualmean> <https://environment.ld.admin.ch/foen/ubd/28/aggregation> <https://environment.ld.admin.ch/foen/ubd/28/aggregation/annualmean> .\n<https://environment.ld.admin.ch/foen/ubd/28/so2/observation/blBAS-2002-annualmean> <https://environment.ld.admin.ch/foen/ubd/28/dimension/value> \"6.1\"^^<http://www.w3.org/2001/XMLSchema#float> .\n<https://environment.ld.admin.ch/foen/ubd/28/so2/observation/blBAS-2002-annualmean> <https://environment.ld.admin.ch/foen/ubd/28/dimension/year> \"2002\"^^<http://www.w3.org/2001/XMLSchema#gYear> .\n<https://environment.ld.admin.ch/foen/ubd/28/so2/observation/blBAS-2002-annualmean> <https://environment.ld.admin.ch/foen/ubd/28/station> <https://environment.ld.admin.ch/foen/ubd/28/station/blBAS> .\n<https://environment.ld.admin.ch/foen/ubd/28/so2/observation/blBAS-2002-annualmean> <https://environment.ld.admin.ch/foen/ubd/28/unit-id> \"µg/m3\" .\n<https://environment.ld.admin.ch/foen/ubd/28/so2/observation/blBAS-2003-annualmean> <https://environment.ld.admin.ch/foen/ubd/28/aggregation> <https://environment.ld.admin.ch/foen/ubd/28/aggregation/annualmean> .\n<https://environment.ld.admin.ch/foen/ubd/28/so2/observation/blBAS-2003-annualmean> <https://environment.ld.admin.ch/foen/ubd/28/dimension/value> \"5.4\"^^<http://www.w3.org/2001/XMLSchema#float> .\n<https://environment.ld.admin.ch/foen/ubd/28/so2/observation/blBAS-2003-annualmean> <https://environment.ld.admin.ch/foen/ubd/28/dimension/year> \"2003\"^^<http://www.w3.org/2001/XMLSchema#gYear> .\n<https://environment.ld.admin.ch/foen/ubd/28/so2/observation/blBAS-2003-annualmean> <https://environment.ld.admin.ch/foen/ubd/28/station> <https://environment.ld.admin.ch/foen/ubd/28/station/blBAS> .\n<https://environment.ld.admin.ch/foen/ubd/28/so2/observation/blBAS-2003-annualmean> <https://environment.ld.admin.ch/foen/ubd/28/unit-id> \"µg/m3\" .\n";

